// Jest Snapshot v1, https://goo.gl/fbAQLP

exports[`SettingsModalWrapper does not render SettingsModal 1`] = `
<div
  className="settings-modal-wrapper"
>
  <div
    className="open-modal"
    onClick={[Function]}
  >
    <span
      className="label"
    >
      Open modal
    </span>
  </div>
  <div
    className="close-modal label"
    onClick={[Function]}
  >
    <span
      className="label"
    >
      Close modal
    </span>
  </div>
</div>
`;

exports[`SettingsModalWrapper renders SettingsModal on clicking openModal 1`] = `
<div
  className="settings-modal-wrapper"
>
  <div
    className="open-modal"
    onClick={[Function]}
  >
    <span
      className="label"
    >
      Open modal
    </span>
  </div>
  <div
    className="close-modal label"
    onClick={[Function]}
  >
    <span
      className="label"
    >
      Close modal
    </span>
  </div>
</div>
`;
